// Jest Snapshot v1, https://goo.gl/fbAQLP

exports[`should report Jest errors 1`] = `
Object {
  "errorCount": 0,
  "fixableErrorCount": 0,
  "fixableWarningCount": 0,
  "results": Array [
    Object {
      "errorCount": 0,
      "filePath": "tests/fixtures/jest.fixture.js",
      "fixableErrorCount": 0,
      "fixableWarningCount": 0,
      "messages": Array [],
      "warningCount": 0,
    },
  ],
  "warningCount": 0,
}
`;
