// Jest Snapshot v1, https://goo.gl/fbAQLP

exports[`should report incompatible type error 1`] = `
Object {
  "errorCount": 1,
  "fixableErrorCount": 0,
  "fixableWarningCount": 0,
  "results": Array [
    Object {
      "errorCount": 1,
      "filePath": "tests/fixtures/incompatible-type.fixture.js",
      "fixableErrorCount": 0,
      "fixableWarningCount": 0,
      "messages": Array [
        Object {
          "column": 1,
          "endColumn": 2,
          "endLine": 1,
          "line": 1,
          "message": "Flow returned an error: Could not find a .flowconfig in /home/cristian/Code/next/laravel-nuxt-2-prototype/workshop/@skyrpex/eslint-config or any of its parent directories.
See \\"flow init --help\\" for more info
 (code: 12)",
          "nodeType": null,
          "ruleId": "flowtype-errors/show-errors",
          "severity": 2,
          "source": "// @flow",
        },
      ],
      "source": "// @flow
class MyClass {
    prop: number;

    method() {
        this.prop = \\"123\\";
    }
}

const myClass = new MyClass();
myClass.method();
",
      "warningCount": 0,
    },
  ],
  "warningCount": 0,
}
`;
